GNU Tool Chain  

Linker command line:

\
  --edf=D:\项目工作\CK0216_Amazon\参考资料\开发工具\IDE3.1.0_230209_4\data\dat\en_msgs.txt \
  -cs -h+sd58_mcu.sym --cmf=sd58_mcu.cmf -z -QFT62F08X \
  -oC:\Users\86159\AppData\Local\Temp\sn38.2 -Msd58_mcu.map -E1 -ver=XC8 \
  -ASTACK=020DCh-023efh -pstack=STACK -p_ad3nop_text=3h -ACODE=00h-07FFhx4 \
  -ASTRCODE=00h-01FFFh -ASTRING=00h-0FFhx32 -ACONST=00h-0FFhx32 \
  -AENTRY=00h-0FFhx32 -ACOMMON=070h-07Fh -ABANK0=020h-06Fh \
  -ABANK1=0A0h-0EFh -ABANK2=0120h-016Fh -ABANK3=01A0h-01EFh \
  -ABANK4=0220h-026Fh -ABANK5=02A0h-02EFh -ABANK6=0320h-036Fh \
  -ABANK7=03A0h-03EFh -ABANK8=0420h-046Fh -ABANK9=04A0h-04EFh \
  -ABANK10=0520h-056Fh -ABANK11=05A0h-05EFh -ABANK12=0620h-064Fh \
  -ABIGRAM=02000h-023EFh \
  -ARAM=020h-06Fh,0A0h-0EFh,0120h-016Fh,01A0h-01EFh,0220h-026Fh,02A0h-02EFh,0320h-036Fh,03A0h-03EFh,0420h-046Fh,04A0h-04EFh,0520h-056Fh,05A0h-05EFh,0620h-064Fh \
  -AABS1=020h-07Fh,0A0h-0EFh,0120h-016Fh,01A0h-01EFh,0220h-026Fh,02A0h-02EFh,0320h-036Fh,03A0h-03EFh,0420h-046Fh,04A0h-04EFh,0520h-056Fh,05A0h-05EFh,0620h-064Fh \
  -ASFR0=00h-01Fh -ASFR1=080h-09Fh -ASFR2=0100h-011Fh -ASFR3=0180h-019Fh \
  -ASFR4=0200h-021Fh -ASFR5=0280h-029Fh -ASFR6=0300h-031Fh \
  -ASFR7=0380h-039Fh -ASFR8=0400h-041Fh -ASFR9=0480h-049Fh \
  -ASFR10=0500h-051Fh -ASFR11=0580h-059Fh -ASFR12=0600h-061Fh \
  -ASFR13=0680h-06EFh -ASFR14=0700h-076Fh -ASFR15=0780h-07EFh \
  -ASFR16=0800h-086Fh -ASFR17=0880h-08EFh -ASFR18=0900h-096Fh \
  -ASFR19=0980h-09EFh -ASFR20=0A00h-0A6Fh -ASFR21=0A80h-0AEFh \
  -ASFR22=0B00h-0B6Fh -ASFR23=0B80h-0BEFh -ASFR24=0C00h-0C6Fh \
  -ASFR25=0C80h-0CEFh -ASFR26=0D00h-0D6Fh -ASFR27=0D80h-0DEFh \
  -ASFR28=0E00h-0E6Fh -ASFR29=0E80h-0EEFh -ASFR30=0F00h-0F6Fh \
  -ASFR31=0F80h-0FEFh -preset_vec=00h,intentry=04h,init,end_init \
  -ppowerup=CODE -pcinit=CODE -pfunctab=ENTRY -ACONFIG=08007h-08008h \
  -pconfig=CONFIG -DCONFIG=2 -AIDLOC=08000h-08003h -pidloc=IDLOC -DIDLOC=2 \
  -AEEDATA=00h-0FFh/0F000h -peeprom_data=EEDATA -DEEDATA=2 -DCODE=2 \
  -DSTRCODE=2 -DSTRING=2 -DCONST=2 -DENTRY=2 -k \
  C:\Users\86159\AppData\Local\Temp\sn38.obj sd58_mcu.obj 

Object code version is 3.11

Machine type is FT62F08X



                Name                               Link     Load   Length Selector   Space Scale
C:\Users\86159\AppData\Local\Temp\sn38.obj
                end_init                             A2       A2        2        8       0
                reset_vec                             0        0        2        0       0
sd58_mcu.obj    cinit                                A4       A4      3FD        8       0
                intentry                              4        4       9E        8       0
                text38                              6EA      6EA       6C        8       0
                text37                              EF9      EF9       1B     1DF2       0
                text36                              EC1      EC1       10     1D82       0
                text35                              F56      F56       34     1EAC       0
                text30                              F14      F14       1D     1E28       0
                swtext2                             800      800       16     1000       0
                swtext1                             816      816        E     1000       0
                text17                              643      643       A7        8       0
                text15                              7A7      7A7       40        8       0
                text14                              F8A      F8A       37     1F14       0
                text13                              7E7      7E7       16        8       0
                text10                              756      756       51        8       0
                text9                               ED1      ED1       13     1DA2       0
                text8                               EBA      EBA        7     1D74       0
                text7                               FC1      FC1       3F     1F82       0
                text6                               F31      F31       25     1E62       0
                text5                               EE4      EE4       15     1DC8       0
                text1                               4A1      4A1      1A2        8       0
                cstackBANK0                          50       50       14       20       1
                cstackCOMMON                         70       70        8       70       1
                cstackBANK1                          D4       D4        D       A0       1
                clrtext                             EB4      EB4        6     1D68       0
                bssBANK2                            120      120       3C      120       1
                bssBANK1                             A0       A0       34       A0       1
                dataBANK0                            64       64        B       20       1
                bssBANK0                             20       20       30       20       1
                dataCOMMON                           7A       7A        1       70       1
                bssCOMMON                            78       78        2       70       1
                _ad3nop_text                          3        3        1        6       0

TOTAL           Name                               Link     Load   Length     Space
        CLASS   STACK          

        CLASS   CODE           
                end_init                             A2       A2        2         0
                cinit                                A4       A4      3FD         0
                intentry                              4        4       9E         0
                reset_vec                             0        0        2         0
                text38                              6EA      6EA       6C         0
                text37                              EF9      EF9       1B         0
                text36                              EC1      EC1       10         0
                text35                              F56      F56       34         0
                text30                              F14      F14       1D         0
                text17                              643      643       A7         0
                text15                              7A7      7A7       40         0
                text14                              F8A      F8A       37         0
                text13                              7E7      7E7       16         0
                text10                              756      756       51         0
                text9                               ED1      ED1       13         0
                text8                               EBA      EBA        7         0
                text7                               FC1      FC1       3F         0
                text6                               F31      F31       25         0
                text5                               EE4      EE4       15         0
                text1                               4A1      4A1      1A2         0
                clrtext                             EB4      EB4        6         0
                _ad3nop_text                          3        3        1         0

        CLASS   STRCODE        

        CLASS   STRING         

        CLASS   CONST          
                swtext2                             800      800       16         0
                swtext1                             816      816        E         0

        CLASS   ENTRY          

        CLASS   COMMON         
                cstackCOMMON                         70       70        8         1
                dataCOMMON                           7A       7A        1         1
                bssCOMMON                            78       78        2         1

        CLASS   BANK0          
                cstackBANK0                          50       50       14         1
                dataBANK0                            64       64        B         1
                bssBANK0                             20       20       30         1

        CLASS   BANK1          
                cstackBANK1                          D4       D4        D         1
                bssBANK1                             A0       A0       34         1

        CLASS   BANK2          
                bssBANK2                            120      120       3C         1

        CLASS   BANK3          

        CLASS   BANK4          

        CLASS   BANK5          

        CLASS   BANK6          

        CLASS   BANK7          

        CLASS   BANK8          

        CLASS   BANK9          

        CLASS   BANK10         

        CLASS   BANK11         

        CLASS   BANK12         

        CLASS   BIGRAM         

        CLASS   RAM            

        CLASS   ABS1           
                abs_s1                               7E       7E        2         1

        CLASS   SFR0           

        CLASS   SFR1           

        CLASS   SFR2           

        CLASS   SFR3           

        CLASS   SFR4           

        CLASS   SFR5           

        CLASS   SFR6           

        CLASS   SFR7           

        CLASS   SFR8           

        CLASS   SFR9           

        CLASS   SFR10          

        CLASS   SFR11          

        CLASS   SFR12          

        CLASS   SFR13          

        CLASS   SFR14          

        CLASS   SFR15          

        CLASS   SFR16          

        CLASS   SFR17          

        CLASS   SFR18          

        CLASS   SFR19          

        CLASS   SFR20          

        CLASS   SFR21          

        CLASS   SFR22          

        CLASS   SFR23          

        CLASS   SFR24          

        CLASS   SFR25          

        CLASS   SFR26          

        CLASS   SFR27          

        CLASS   SFR28          

        CLASS   SFR29          

        CLASS   SFR30          

        CLASS   SFR31          

        CLASS   CONFIG         

        CLASS   IDLOC          

        CLASS   EEDATA         

        CLASS   BANK31         

        CLASS   BANK30         

        CLASS   BANK29         

        CLASS   BANK28         

        CLASS   BANK27         

        CLASS   BANK26         

        CLASS   BANK25         

        CLASS   BANK24         

        CLASS   BANK23         

        CLASS   BANK22         

        CLASS   BANK21         

        CLASS   BANK20         

        CLASS   BANK19         

        CLASS   BANK18         

        CLASS   BANK17         

        CLASS   BANK16         

        CLASS   BANK15         

        CLASS   BANK14         

        CLASS   BANK13         



SEGMENTS        Name                           Load    Length   Top    Selector   Space  Class     Delta

                reset_vec                      000000  000002  000002         0       0  CODE        2
                _ad3nop_text                   000003  000001  000004         6       0  CODE        2
                intentry                       000004  0007F9  0007FD         8       0  CODE        2
                bssBANK0                       000020  00004F  00006F        20       1  BANK0       1
                cstackCOMMON                   000070  00000B  00007B        70       1  COMMON      1
                bssBANK1                       0000A0  000041  0000E1        A0       1  BANK1       1
                bssBANK2                       000120  00003C  00015C       120       1  BANK2       1
                swtext2                        000800  000024  000824      1000       0  CONST       2
                clrtext                        000EB4  000006  000EBA      1D68       0  CODE        2
                text8                          000EBA  000007  000EC1      1D74       0  CODE        2
                text36                         000EC1  000010  000ED1      1D82       0  CODE        2
                text9                          000ED1  000013  000EE4      1DA2       0  CODE        2
                text5                          000EE4  000015  000EF9      1DC8       0  CODE        2
                text37                         000EF9  00001B  000F14      1DF2       0  CODE        2
                text30                         000F14  00001D  000F31      1E28       0  CODE        2
                text6                          000F31  000025  000F56      1E62       0  CODE        2
                text35                         000F56  000034  000F8A      1EAC       0  CODE        2
                text14                         000F8A  000037  000FC1      1F14       0  CODE        2
                text7                          000FC1  00003F  001000      1F82       0  CODE        2


UNUSED ADDRESS RANGES

        Name                Unused          Largest block    Delta
        BANK0            006F-006F              1           1
        BANK1            00E1-00EF              F           1
        BANK10           0520-056F             50           1
        BANK11           05A0-05EF             50           1
        BANK12           0620-064F             30           1
        BANK2            015C-016F             14           1
        BANK3            01A0-01EF             50           1
        BANK4            0220-026F             50           1
        BANK5            02A0-02EF             50           1
        BANK6            0320-036F             50           1
        BANK7            03A0-03EF             50           1
        BANK8            0420-046F             50           1
        BANK9            04A0-04EF             50           1
        BIGRAM           2000-23EF            3F0           1
        CODE             0002-0002              1           2
                         07FD-07FF              3
                         0824-0EB3            690
                         1000-1FFF            800
        COMMON           007B-007D              3           1
        CONFIG           8007-8008              2           2
        CONST            0002-0002              1           2
                         07FD-07FF              3
                         0824-0EB3            100
                         1000-1FFF            100
        EEDATA           F000-F0FF            100           2
        ENTRY            0002-0002              1           2
                         07FD-07FF              3
                         0824-0EB3            100
                         1000-1FFF            100
        IDLOC            8000-8003              4           2
        RAM              006F-006F              1           1
                         00E1-00EF              F
                         015C-016F             14
                         01A0-01EF             50
                         0220-026F             50
                         02A0-02EF             50
                         0320-036F             50
                         03A0-03EF             50
                         0420-046F             50
                         04A0-04EF             50
                         0520-056F             50
                         05A0-05EF             50
                         0620-064F             30
        SFR0             0000-001F             20           1
        SFR1             0080-009F             20           1
        SFR10            0500-051F             20           1
        SFR11            0580-059F             20           1
        SFR12            0600-061F             20           1
        SFR13            0680-06EF             70           1
        SFR14            0700-076F             70           1
        SFR15            0780-07EF             70           1
        SFR16            0800-086F             70           1
        SFR17            0880-08EF             70           1
        SFR18            0900-096F             70           1
        SFR19            0980-09EF             70           1
        SFR2             0100-011F             20           1
        SFR20            0A00-0A6F             70           1
        SFR21            0A80-0AEF             70           1
        SFR22            0B00-0B6F             70           1
        SFR23            0B80-0BEF             70           1
        SFR24            0C00-0C6F             70           1
        SFR25            0C80-0CEF             70           1
        SFR26            0D00-0D6F             70           1
        SFR27            0D80-0DEF             70           1
        SFR28            0E00-0E6F             70           1
        SFR29            0E80-0EEF             70           1
        SFR3             0180-019F             20           1
        SFR30            0F00-0F6F             70           1
        SFR31            0F80-0FEF             70           1
        SFR4             0200-021F             20           1
        SFR5             0280-029F             20           1
        SFR6             0300-031F             20           1
        SFR7             0380-039F             20           1
        SFR8             0400-041F             20           1
        SFR9             0480-049F             20           1
        STACK            20DC-23EF            314           1
        STRCODE          0002-0002              1           2
                         07FD-07FF              3
                         0824-0EB3            690
                         1000-1FFF           1000
        STRING           0002-0002              1           2
                         07FD-07FF              3
                         0824-0EB3            100
                         1000-1FFF            100

                                  Symbol Table

?_GetAdcData                             cstackBANK0  0052
?___lldiv                                cstackBANK1  00D4
?___lmul                                 cstackBANK0  0056
?___lwmod                                cstackBANK0  0050
?___wmul                                 cstackBANK0  0050
DelayMs@Time                             cstackBANK0  0052
DelayMs@a                                cstackBANK0  0056
DelayMs@b                                cstackBANK0  0057
DelayUs@Time                             cstackBANK0  0050
DelayUs@a                                cstackBANK0  0051
EEPROMread@EEAddr                        cstackBANK0  0050
EEPROMread@ReEEPROMread                  cstackBANK0  0051
EEPROMwrite@Data                         cstackCOMMON 0070
EEPROMwrite@EEAddr                       cstackCOMMON 0071
GetAdcData@adcChannel                    cstackBANK0  0055
Isp_Read@ReadAddr                        cstackBANK0  0052
Isp_Read@i                               cstackBANK0  0056
Isp_Read@pBuffer                         cstackBANK0  0054
Isp_Write@WriteAddr                      cstackCOMMON 0072
Isp_Write@i                              cstackCOMMON 0076
Isp_Write@pBuffer                        cstackCOMMON 0074
KeyCheakPowerOn@key1_count               bssBANK0     0024
KeyCheakPowerOn@key1_state               bssBANK0     0032
KeyCheakPowerOn@key_value                cstackBANK0  0051
PL10                                     text1        0630
PL12                                     text17       06E0
PL14                                     cinit        048C
PL16                                     text17       06E6
PL18                                     text1        0638
PL2                                      text1        0628
PL20                                     text1        063E
PL4                                      cinit        0487
PL6                                      text17       06DA
PL8                                      text35       0F83
TIM2_ResetPeriod@NewState                cstackCOMMON 0072
TIM2_ResetPeriod@Period                  cstackCOMMON 0070
UartReceiveData@RcvData                  cstackCOMMON 0070
UartSendData@i                           cstackBANK0  0050
_ADCAL                                   (abs)        04EB
_ADCMPH                                  (abs)        041B
_ADCON0                                  (abs)        009D
_ADCON1                                  (abs)        009E
_ADCON2                                  (abs)        009F
_ADCON3                                  (abs)        041A
_ADDLY                                   (abs)        001F
_ADON                                    (abs)        04E8
_ADRESH                                  (abs)        009C
_ADRESL                                  (abs)        009B
_ANSELA                                  (abs)        0197
_AdcInitial                              cinit        0335
_AngleMin                                dataBANK0    006E
_BufDimPercentData                       dataBANK0    006B
_CFGS                                    (abs)        0CAE
_CKOCON                                  (abs)        0095
_ConnectState                            bssBANK0     0038
_Connect_With_Switch                     cinit        023D
_DRDEN                                   (abs)        0CC0
_DelayMs                                 cinit        031E
_DelayTimer                              bssBANK1     00BE
_DelayTimerPre                           bssBANK1     00BC
_DelayUs                                 cinit        034D
_DimData_Deal                            cinit        016D
_DimMin                                  dataBANK0    0065
_DimPercentData                          dataBANK0    006D
_DimPercentDataNumer                     bssBANK0     002B
_DimPercentDataOppose                    bssBANK0     0046
_DimPercentDataPre                       dataBANK0    0069
_DimPercentDataPre1                      dataBANK0    0068
_DimPercentMin                           dataBANK0    0067
_DimPercentMinPre                        dataBANK0    0066
_Dimmer_Init_Flag                        dataBANK0    006C
_EEADRL                                  (abs)        0191
_EECON2                                  (abs)        0196
_EEDATL                                  (abs)        0193
_EEIF                                    (abs)        005A
_EEPGD                                   (abs)        0CAF
_EEPROMread                              cinit        03DD
_EEPROMwrite                             text38       0739
_EPIE0                                   (abs)        0094
_EPIF0                                   (abs)        0014
_EPS0                                    (abs)        0118
_EPS1                                    (abs)        0119
_FactoryFirstFlag                        bssBANK0     0041
_FactoryFlag                             bssBANK0     0043
_FactoryNumer                            bssBANK1     00B8
_FactoryState                            bssBANK0     0042
_Factory_Test_Mode                       cinit        0358
_FadeFlag                                bssBANK0     004F
_FlashDataBuffer                         bssBANK1     00C8
_GIE                                     (abs)        005F
_GO                                      (abs)        04E9
_GetAdcData                              text30       0F14
_INTCON                                  (abs)        000B
_ISR                                     intentry     0004
_ITYPE0                                  (abs)        011E
_ITYPE1                                  (abs)        011F
_IoIntInitial                            cinit        03A0
_Isp_Read                                cinit        03B0
_Isp_Write                               text38       06EA
_KeyCheakDIM_PMLearn                     cinit        03F1
_KeyCheakPowerOff                        text1        0560
_KeyCheakPowerOn                         text1        05AF
_KeyDIMLearnval                          bssBANK0     0049
_KeyNumer                                bssBANK1     00B4
_KeyNumer1                               bssCOMMON    0078
_KeyNumer4                               bssBANK0     0022
_KeyPowerOffFlag                         bssBANK0     003E
_KeyPowerOffVal                          bssBANK0     0047
_KeyPowerOnVal                           bssBANK0     0048
_KeyState                                bssBANK0     0034
_KeyState1                               bssBANK0     0033
_KeyState4                               bssBANK0     0031
_LVDIF                                   (abs)        0059
_Led7Run                                 text17       0643
_LedNum                                  bssBANK0     002F
_LoadDetCnt                              bssBANK1     00B6
_Load_Scan                               text37       0EF9
_MISC0                                   (abs)        011C
_MsgSendFlag                             bssBANK0     003D
_OSCCON                                  (abs)        0099
_PA0                                     (abs)        0060
_PB0                                     (abs)        0068
_PB1                                     (abs)        0069
_PB2                                     (abs)        006A
_PB3                                     (abs)        006B
_PB4                                     (abs)        006C
_PB5                                     (abs)        006D
_PB6                                     (abs)        006E
_PB7                                     (abs)        006F
_PC1                                     (abs)        0071
_PC4                                     (abs)        0074
_PC5                                     (abs)        0075
_PC6                                     (abs)        0076
_PCKEN                                   (abs)        009A
_PD1                                     (abs)        0079
_PD2                                     (abs)        007A
_PD3                                     (abs)        007B
_PEIE                                    (abs)        005E
_PORTA                                   (abs)        000C
_PORTB                                   (abs)        000D
_PORTC                                   (abs)        000E
_PORTD                                   (abs)        000F
_PSINK0                                  (abs)        019A
_PSINK1                                  (abs)        019B
_PSINK2                                  (abs)        019C
_PSINK3                                  (abs)        019D
_PSRC0                                   (abs)        011A
_PSRC1                                   (abs)        011B
_PowerFirstFlag                          bssBANK0     004E
_PowerFirstNumer                         bssBANK0     0045
_PowerFlag                               bssCOMMON    0079
_PowerFlag_last                          bssBANK0     004A
_PowerLedFlag                            dataBANK0    006A
_RD                                      (abs)        0CA8
_RXNEF                                   (abs)        2490
_RecLearnFlag                            bssBANK0     002C
_ReceiveFinishFlag                       bssBANK0     0040
_SiCtlState                              bssBANK0     003F
_SiOpenTimer                             bssBANK1     00BA
_SynDataReset_Deal                       text15       07A7
_SysInitial                              text14       0F8A
_T1UIE                                   (abs)        10A8
_T1UIF                                   (abs)        10B0
_T2UIE                                   (abs)        1868
_T2UIF                                   (abs)        1870
_T4UIE                                   (abs)        0890
_T4UIF                                   (abs)        0898
_TCF                                     (abs)        24E0
_TCKSRC                                  (abs)        031F
_TIM1ARRH                                (abs)        0290
_TIM1ARRL                                (abs)        0291
_TIM1CR1                                 (abs)        0211
_TIM1IER                                 (abs)        0215
_TIM1PSCRH                               (abs)        028E
_TIM1PSCRL                               (abs)        028F
_TIM2ARRH                                (abs)        0319
_TIM2ARRL                                (abs)        031A
_TIM2CNTRH                               (abs)        0316
_TIM2CNTRL                               (abs)        0317
_TIM2CR1                                 (abs)        030C
_TIM2IER                                 (abs)        030D
_TIM2PSCR                                (abs)        0318
_TIM2_ResetPeriod                        text36       0EC1
_TIM4ARR                                 (abs)        0117
_TIM4CNTR                                (abs)        0115
_TIM4CR1                                 (abs)        0111
_TIM4EGR                                 (abs)        0114
_TIM4IER                                 (abs)        0112
_TIM4PSCR                                (abs)        0116
_TIM4SR                                  (abs)        0113
_TRISA                                   (abs)        008C
_TRISA6                                  (abs)        0466
_TRISA7                                  (abs)        0467
_TRISB                                   (abs)        008D
_TRISC                                   (abs)        008E
_TRISD                                   (abs)        008F
_TXEF                                    (abs)        2495
_TempDimPercentData                      dataCOMMON   007A
_Time1Initial                            text13       07E7
_Time2Initial                            cinit        0475
_Time4Initial                            cinit        0490
_Timer1000msCnt                          bssBANK1     00C0
_Timer1000msFlag                         bssBANK0     004C
_Timer10msFlag                           bssBANK0     004B
_Timer1Cnt                               bssBANK1     00C4
_Timer20msCnt                            bssBANK1     00C2
_Timer20msFlag                           bssBANK0     004D
_URDATAL                                 (abs)        048C
_URDLH                                   (abs)        0495
_URDLL                                   (abs)        0494
_URIER                                   (abs)        048E
_URLCR                                   (abs)        048F
_URMCR                                   (abs)        0491
_UROD                                    (abs)        10F8
_URRXNE                                  (abs)        2470
_UartB_Process                           text10       0756
_UartInitial                             text9        0ED1
_UartReceiveData                         text35       0F56
_UartRecvData2                           bssBANK0     003A
_UartRecvData3                           bssBANK0     0039
_UartRxBuf                               bssBANK1     00AA
_UartRxLen                               bssBANK0     003B
_UartRxStep                              bssBANK0     003C
_UartSendData                            text1        060A
_UartTxBuf                               bssBANK1     00A0
_UpdatingFlag                            bssBANK0     0044
_WDTCON                                  (abs)        0097
_WPDA                                    (abs)        020C
_WPDB                                    (abs)        020D
_WPDC                                    (abs)        020E
_WPDD                                    (abs)        020F
_WPUA                                    (abs)        018C
_WPUB                                    (abs)        018D
_WPUC                                    (abs)        018E
_WPUD                                    (abs)        018F
_WR                                      (abs)        0CA9
_WREN                                    (abs)        0CAA
_WdtInitial                              text8        0EBA
__H_ad3nop_text                          _ad3nop_text 0004
__Habs1                                  abs1         0000
__Hbank0                                 bank0        0000
__Hbank1                                 bank1        0000
__Hbank10                                bank10       0000
__Hbank11                                bank11       0000
__Hbank12                                bank12       0000
__Hbank13                                bank13       0000
__Hbank14                                bank14       0000
__Hbank15                                bank15       0000
__Hbank16                                bank16       0000
__Hbank17                                bank17       0000
__Hbank18                                bank18       0000
__Hbank19                                bank19       0000
__Hbank2                                 bank2        0000
__Hbank20                                bank20       0000
__Hbank21                                bank21       0000
__Hbank22                                bank22       0000
__Hbank23                                bank23       0000
__Hbank24                                bank24       0000
__Hbank25                                bank25       0000
__Hbank26                                bank26       0000
__Hbank27                                bank27       0000
__Hbank28                                bank28       0000
__Hbank29                                bank29       0000
__Hbank3                                 bank3        0000
__Hbank30                                bank30       0000
__Hbank31                                bank31       0000
__Hbank4                                 bank4        0000
__Hbank5                                 bank5        0000
__Hbank6                                 bank6        0000
__Hbank7                                 bank7        0000
__Hbank8                                 bank8        0000
__Hbank9                                 bank9        0000
__Hbigram                                bigram       0000
__HbssBANK0                              bssBANK0     0000
__HbssBANK1                              bssBANK1     0000
__HbssBANK2                              bssBANK2     0000
__HbssCOMMON                             bssCOMMON    0000
__Hcinit                                 cinit        04A1
__Hclrtext                               clrtext      0000
__Hcode                                  code         0000
__Hcommon                                common       0000
__Hconfig                                config       0000
__HcstackBANK0                           cstackBANK0  0000
__HcstackBANK1                           cstackBANK1  0000
__HcstackCOMMON                          cstackCOMMON 0000
__HdataBANK0                             dataBANK0    0000
__HdataCOMMON                            dataCOMMON   0000
__Heeprom_data                           eeprom_data  0000
__Hend_init                              end_init     00A4
__Hfunctab                               functab      0000
__HidataBANK0                            idataBANK0   0000
__HidataCOMMON                           idataCOMMON  0000
__Hidloc                                 idloc        0000
__Hinit                                  init         00A2
__Hintentry                              intentry     00A2
__Hmaintext                              maintext     0000
__Hpa_nodes0                             pa_nodes0    0000
__Hpowerup                               powerup      0000
__Hram                                   ram          0000
__Hreset_vec                             reset_vec    0002
__Hsfr0                                  sfr0         0000
__Hsfr1                                  sfr1         0000
__Hsfr10                                 sfr10        0000
__Hsfr11                                 sfr11        0000
__Hsfr12                                 sfr12        0000
__Hsfr13                                 sfr13        0000
__Hsfr14                                 sfr14        0000
__Hsfr15                                 sfr15        0000
__Hsfr16                                 sfr16        0000
__Hsfr17                                 sfr17        0000
__Hsfr18                                 sfr18        0000
__Hsfr19                                 sfr19        0000
__Hsfr2                                  sfr2         0000
__Hsfr20                                 sfr20        0000
__Hsfr21                                 sfr21        0000
__Hsfr22                                 sfr22        0000
__Hsfr23                                 sfr23        0000
__Hsfr24                                 sfr24        0000
__Hsfr25                                 sfr25        0000
__Hsfr26                                 sfr26        0000
__Hsfr27                                 sfr27        0000
__Hsfr28                                 sfr28        0000
__Hsfr29                                 sfr29        0000
__Hsfr3                                  sfr3         0000
__Hsfr30                                 sfr30        0000
__Hsfr31                                 sfr31        0000
__Hsfr4                                  sfr4         0000
__Hsfr5                                  sfr5         0000
__Hsfr6                                  sfr6         0000
__Hsfr7                                  sfr7         0000
__Hsfr8                                  sfr8         0000
__Hsfr9                                  sfr9         0000
__Hspace_0                               (abs)        1000
__Hspace_1                               (abs)        015C
__Hspace_2                               (abs)        0000
__Hspace_3                               (abs)        0000
__Hstack                                 stack        0000
__Hstrings                               strings      0000
__Htext                                  text         0000
__L_ad3nop_text                          _ad3nop_text 0003
__Labs1                                  abs1         0000
__Lbank0                                 bank0        0000
__Lbank1                                 bank1        0000
__Lbank10                                bank10       0000
__Lbank11                                bank11       0000
__Lbank12                                bank12       0000
__Lbank13                                bank13       0000
__Lbank14                                bank14       0000
__Lbank15                                bank15       0000
__Lbank16                                bank16       0000
__Lbank17                                bank17       0000
__Lbank18                                bank18       0000
__Lbank19                                bank19       0000
__Lbank2                                 bank2        0000
__Lbank20                                bank20       0000
__Lbank21                                bank21       0000
__Lbank22                                bank22       0000
__Lbank23                                bank23       0000
__Lbank24                                bank24       0000
__Lbank25                                bank25       0000
__Lbank26                                bank26       0000
__Lbank27                                bank27       0000
__Lbank28                                bank28       0000
__Lbank29                                bank29       0000
__Lbank3                                 bank3        0000
__Lbank30                                bank30       0000
__Lbank31                                bank31       0000
__Lbank4                                 bank4        0000
__Lbank5                                 bank5        0000
__Lbank6                                 bank6        0000
__Lbank7                                 bank7        0000
__Lbank8                                 bank8        0000
__Lbank9                                 bank9        0000
__Lbigram                                bigram       0000
__LbssBANK0                              bssBANK0     0000
__LbssBANK1                              bssBANK1     0000
__LbssBANK2                              bssBANK2     0000
__LbssCOMMON                             bssCOMMON    0000
__Lcinit                                 cinit        00A4
__Lclrtext                               clrtext      0000
__Lcode                                  code         0000
__Lcommon                                common       0000
__Lconfig                                config       0000
__LcstackBANK0                           cstackBANK0  0000
__LcstackBANK1                           cstackBANK1  0000
__LcstackCOMMON                          cstackCOMMON 0000
__LdataBANK0                             dataBANK0    0000
__LdataCOMMON                            dataCOMMON   0000
__Leeprom_data                           eeprom_data  0000
__Lend_init                              end_init     00A2
__Lfunctab                               functab      0000
__LidataBANK0                            idataBANK0   0000
__LidataCOMMON                           idataCOMMON  0000
__Lidloc                                 idloc        0000
__Linit                                  init         00A2
__Lintentry                              intentry     0004
__Lmaintext                              maintext     0000
__Lpa_nodes0                             pa_nodes0    0000
__Lpowerup                               powerup      0000
__Lram                                   ram          0000
__Lreset_vec                             reset_vec    0000
__Lsfr0                                  sfr0         0000
__Lsfr1                                  sfr1         0000
__Lsfr10                                 sfr10        0000
__Lsfr11                                 sfr11        0000
__Lsfr12                                 sfr12        0000
__Lsfr13                                 sfr13        0000
__Lsfr14                                 sfr14        0000
__Lsfr15                                 sfr15        0000
__Lsfr16                                 sfr16        0000
__Lsfr17                                 sfr17        0000
__Lsfr18                                 sfr18        0000
__Lsfr19                                 sfr19        0000
__Lsfr2                                  sfr2         0000
__Lsfr20                                 sfr20        0000
__Lsfr21                                 sfr21        0000
__Lsfr22                                 sfr22        0000
__Lsfr23                                 sfr23        0000
__Lsfr24                                 sfr24        0000
__Lsfr25                                 sfr25        0000
__Lsfr26                                 sfr26        0000
__Lsfr27                                 sfr27        0000
__Lsfr28                                 sfr28        0000
__Lsfr29                                 sfr29        0000
__Lsfr3                                  sfr3         0000
__Lsfr30                                 sfr30        0000
__Lsfr31                                 sfr31        0000
__Lsfr4                                  sfr4         0000
__Lsfr5                                  sfr5         0000
__Lsfr6                                  sfr6         0000
__Lsfr7                                  sfr7         0000
__Lsfr8                                  sfr8         0000
__Lsfr9                                  sfr9         0000
__Lspace_0                               (abs)        0000
__Lspace_1                               (abs)        0000
__Lspace_2                               (abs)        0000
__Lspace_3                               (abs)        0000
__Lstack                                 stack        0000
__Lstrings                               strings      0000
__Ltext                                  text         0000
__S0                                     (abs)        1000
__S1                                     (abs)        015C
__S2                                     (abs)        0000
__S3                                     (abs)        0000
___int_sp                                stack        0000
___latbits                               (abs)        0002
___lldiv                                 text7        0FC1
___lldiv@counter                         cstackBANK1  00DC
___lldiv@dividend                        cstackBANK1  00D8
___lldiv@divisor                         cstackBANK1  00D4
___lldiv@quotient                        cstackBANK1  00DD
___lmul                                  text6        0F31
___lmul@multiplicand                     cstackBANK0  005A
___lmul@multiplier                       cstackBANK0  0056
___lmul@product                          cstackBANK0  005E
___lwmod                                 text1        0503
___lwmod@counter                         cstackBANK0  0054
___lwmod@dividend                        cstackBANK0  0052
___lwmod@divisor                         cstackBANK0  0050
___sp                                    stack        0000
___wmul                                  text5        0EE4
___wmul@multiplicand                     cstackBANK0  0052
___wmul@multiplier                       cstackBANK0  0050
___wmul@product                          cstackBANK0  0054
__end_ofPL10                             text1        0638
__end_ofPL12                             text17       06E6
__end_ofPL14                             cinit        0490
__end_ofPL16                             text17       06EA
__end_ofPL18                             text1        063E
__end_ofPL2                              text1        0630
__end_ofPL20                             text1        0643
__end_ofPL4                              cinit        048C
__end_ofPL6                              text17       06E0
__end_ofPL8                              text35       0F8A
__end_of_AdcInitial                      cinit        034D
__end_of_Connect_With_Switch             cinit        030E
__end_of_DelayMs                         cinit        0335
__end_of_DelayUs                         cinit        0358
__end_of_DimData_Deal                    cinit        023D
__end_of_EEPROMread                      cinit        03F1
__end_of_EEPROMwrite                     text38       0756
__end_of_Factory_Test_Mode               cinit        03A0
__end_of_GetAdcData                      text30       0F31
__end_of_ISR                             intentry     00A2
__end_of_IoIntInitial                    cinit        03B0
__end_of_Isp_Read                        cinit        03DD
__end_of_Isp_Write                       text38       0739
__end_of_KeyCheakDIM_PMLearn             cinit        0475
__end_of_KeyCheakPowerOff                text1        05AF
__end_of_KeyCheakPowerOn                 text1        060A
__end_of_Led7Run                         text17       06DA
__end_of_Load_Scan                       text37       0F14
__end_of_SynDataReset_Deal               text15       07E0
__end_of_SysInitial                      text14       0FC1
__end_of_TIM2_ResetPeriod                text36       0ED1
__end_of_Time1Initial                    text13       07FD
__end_of_Time2Initial                    cinit        0487
__end_of_Time4Initial                    cinit        04A1
__end_of_UartB_Process                   text10       07A7
__end_of_UartInitial                     text9        0EE4
__end_of_UartReceiveData                 text35       0F83
__end_of_UartSendData                    text1        061F
__end_of_WdtInitial                      text8        0EC1
__end_of___lldiv                         text7        1000
__end_of___lmul                          text6        0F56
__end_of___lwmod                         text1        0523
__end_of___wmul                          text5        0EF9
__end_of__initialization                 cinit        00D1
__end_of_ad3nop                          _ad3nop_text 0004
__end_of_innotech_factroy_led_state_set  text15       07E7
__end_of_innotech_led_process            text1        0503
__end_of_innotech_led_state_get          text1        055E
__end_of_innotech_network_state_get      text1        0560
__end_of_innotech_network_state_reset    text1        0628
__end_of_main                            cinit        016D
__end_of_mcu_dp_value_update             cinit        031E
__initialization                         cinit        00A4
__p_ad3nop_text                          _ad3nop_text 0003
__pbssBANK0                              bssBANK0     0020
__pbssBANK1                              bssBANK1     00A0
__pbssBANK2                              bssBANK2     0120
__pbssCOMMON                             bssCOMMON    0078
__pcstackBANK0                           cstackBANK0  0050
__pcstackBANK1                           cstackBANK1  00D4
__pcstackCOMMON                          cstackCOMMON 0070
__pdataBANK0                             dataBANK0    0064
__pdataCOMMON                            dataCOMMON   007A
__pidataBANK0                            idataBANK0   0000
__pidataCOMMON                           idataCOMMON  0000
__pintentry                              intentry     0004
__pmaintext                              cinit        00D4
__pswtext1                               swtext1      0816
__pswtext2                               swtext2      0800
__ptext1                                 text1        04A1
__ptext10                                text10       0756
__ptext11                                cinit        0490
__ptext12                                cinit        0475
__ptext13                                text13       07E7
__ptext14                                text14       0F8A
__ptext15                                text15       07A7
__ptext16                                text15       07E0
__ptext17                                text17       0643
__ptext18                                text1        05AF
__ptext19                                text1        0560
__ptext2                                 text1        0523
__ptext20                                text1        061F
__ptext21                                cinit        03F1
__ptext22                                cinit        03B0
__ptext23                                cinit        03DD
__ptext24                                cinit        03A0
__ptext25                                cinit        0358
__ptext26                                cinit        016D
__ptext27                                cinit        023D
__ptext28                                cinit        030E
__ptext29                                text1        060A
__ptext3                                 text1        055E
__ptext30                                text30       0F14
__ptext31                                cinit        031E
__ptext32                                cinit        034D
__ptext33                                cinit        0335
__ptext35                                text35       0F56
__ptext36                                text36       0EC1
__ptext37                                text37       0EF9
__ptext38                                text38       06EA
__ptext39                                text38       0739
__ptext4                                 text1        0503
__ptext5                                 text5        0EE4
__ptext6                                 text6        0F31
__ptext7                                 text7        0FC1
__ptext8                                 text8        0EBA
__ptext9                                 text9        0ED1
__size_of_AdcInitial                     (abs)        0000
__size_of_Connect_With_Switch            (abs)        0000
__size_of_DelayMs                        (abs)        0000
__size_of_DelayUs                        (abs)        0000
__size_of_DimData_Deal                   (abs)        0000
__size_of_EEPROMread                     (abs)        0000
__size_of_EEPROMwrite                    (abs)        0000
__size_of_Factory_Test_Mode              (abs)        0000
__size_of_GetAdcData                     (abs)        0000
__size_of_ISR                            (abs)        0000
__size_of_IoIntInitial                   (abs)        0000
__size_of_Isp_Read                       (abs)        0000
__size_of_Isp_Write                      (abs)        0000
__size_of_KeyCheakDIM_PMLearn            (abs)        0000
__size_of_KeyCheakPowerOff               (abs)        0000
__size_of_KeyCheakPowerOn                (abs)        0000
__size_of_Led7Run                        (abs)        0000
__size_of_Load_Scan                      (abs)        0000
__size_of_SynDataReset_Deal              (abs)        0000
__size_of_SysInitial                     (abs)        0000
__size_of_TIM2_ResetPeriod               (abs)        0000
__size_of_Time1Initial                   (abs)        0000
__size_of_Time2Initial                   (abs)        0000
__size_of_Time4Initial                   (abs)        0000
__size_of_UartB_Process                  (abs)        0000
__size_of_UartInitial                    (abs)        0000
__size_of_UartReceiveData                (abs)        0000
__size_of_UartSendData                   (abs)        0000
__size_of_WdtInitial                     (abs)        0000
__size_of___lldiv                        (abs)        0000
__size_of___lmul                         (abs)        0000
__size_of___lwmod                        (abs)        0000
__size_of___wmul                         (abs)        0000
__size_of_innotech_factroy_led_state_set (abs)        0000
__size_of_innotech_led_process           (abs)        0000
__size_of_innotech_led_state_get         (abs)        0000
__size_of_innotech_network_state_get     (abs)        0000
__size_of_innotech_network_state_reset   (abs)        0000
__size_of_main                           (abs)        0000
__size_of_mcu_dp_value_update            (abs)        0000
_ad3nop                                  _ad3nop_text 0003
_ad3nop_absaddr                          (abs)        0003
_cheakh                                  bssBANK0     002E
_cheakl                                  bssBANK0     002D
_dataBuffer                              bssBANK1     00CE
_delaynumer                              bssBANK0     0030
_factory_state                           bssBANK0     0026
_innotech_factroy_led_state_set          text15       07E0
_innotech_led_process                    text1        04A1
_innotech_led_state_get                  text1        0523
_innotech_network_state_get              text1        055E
_innotech_network_state_reset            text1        061F
_last_led_state                          bssBANK0     0029
_led_cnt                                 bssBANK0     0020
_led_play_done                           bssBANK0     002A
_led_state                               bssBANK0     0028
_main                                    cinit        00D4
_mcu_dp_value_update                     cinit        030E
_relay_temp                              dataBANK0    0064
_sample_cnt                              bssBANK0     0037
_sample_data_ch0                         bssBANK2     0120
_sample_data_load                        bssBANK1     00C6
_travell_flag_ch0                        bssBANK0     0036
_travell_flag_load                       bssBANK0     0035
_wifi_state                              bssBANK0     0027
btemp                                    (abs)        007E
clear_ram0                               clrtext      0EB4
end_of_initialization                    cinit        00D1
innotech_factroy_led_state_set@state     cstackBANK0  0050
int$flags                                (abs)        007E
intlevel0                                functab      0000
intlevel1                                functab      0000
intlevel2                                functab      0000
intlevel3                                functab      0000
intlevel4                                functab      0000
intlevel5                                functab      0000
mcu_dp_value_update@sync_cmd             cstackBANK0  0052
mcu_dp_value_update@sync_data            cstackBANK0  0051
reset_vec                                reset_vec    0000
stackhi                                  (abs)        23EF
stacklo                                  (abs)        20DC
start                                    init         00A2
start_initialization                     cinit        00A4
wtemp0                                   (abs)        007E


FUNCTION INFORMATION:

 *************** function _main *****************
 Defined at:
		line 239 in file "main.c"
 Parameters:    Size  Location     Type
		None
 Auto vars:     Size  Location     Type
		None
 Return value:  Size  Location     Type
                  1    wreg      void 
 Registers used:
		wreg, fsr0l, fsr0h, fsr1l, fsr1h, status,2, status,0, pclath, cstack
 Tracked objects:
		On entry : 
		On exit  : 
		Unchanged: 
 Data sizes:     COMMON   BANK0   BANK1   BANK2   BANK3   BANK4   BANK5   BANK6   BANK7   BANK8   BANK9  BANK10  BANK11  BANK12
      Params:         0       0       0       0       0       0       0       0       0       0       0       0       0       0
      Locals:         0       0       0       0       0       0       0       0       0       0       0       0       0       0
      Temps:          0       2       0       0       0       0       0       0       0       0       0       0       0       0
      Totals:         0       2       0       0       0       0       0       0       0       0       0       0       0       0
Total ram usage:        2 bytes
 Hardware stack levels required when called:    6
 This function calls:
		_AdcInitial
		_Connect_With_Switch
		_DimData_Deal
		_Factory_Test_Mode
		_IoIntInitial
		_Isp_Read
		_KeyCheakDIM_PMLearn
		_KeyCheakPowerOff
		_KeyCheakPowerOn
		_Led7Run
		_SynDataReset_Deal
		_SysInitial
		_Time1Initial
		_Time2Initial
		_Time4Initial
		_UartB_Process
		_UartInitial
		_WdtInitial
		___lldiv
		___lmul
		___wmul
		_innotech_led_process
 This function is called by:
		Startup code after reset
 This function uses a non-reentrant model


 *************** function _innotech_led_process *****************
 Defined at:
		line 127 in file "innotech_led.c"
 Parameters:    Size  Location     Type
		None
 Auto vars:     Size  Location     Type
		None
 Return value:  Size  Location     Type
                  1    wreg      void 
 Registers used:
		wreg, fsr0l, fsr0h, status,2, status,0, pclath, cstack
 Tracked objects:
		On entry : 
		On exit  : 
		Unchanged: 
 Data sizes:     COMMON   BANK0   BANK1   BANK2   BANK3   BANK4   BANK5   BANK6   BANK7   BANK8   BANK9  BANK10  BANK11  BANK12
      Params:         0       0       0       0       0       0       0       0       0       0       0       0       0       0
      Locals:         0       0       0       0       0       0       0       0       0       0       0       0       0       0
      Temps:          0       0       0       0       0       0       0       0       0       0       0       0       0       0
      Totals:         0       0       0       0       0       0       0       0       0       0       0       0       0       0
Total ram usage:        0 bytes
 Hardware stack levels used:    1
 Hardware stack levels required when called:    5
 This function calls:
		___lwmod
		_innotech_led_state_get
		_innotech_network_state_reset
 This function is called by:
		_main
 This function uses a non-reentrant model


 *************** function _innotech_led_state_get *****************
 Defined at:
		line 82 in file "innotech_led.c"
 Parameters:    Size  Location     Type
		None
 Auto vars:     Size  Location     Type
		None
 Return value:  Size  Location     Type
                  1    wreg      unsigned char 
 Registers used:
		wreg, status,2, status,0, pclath, cstack
 Tracked objects:
		On entry : 
		On exit  : 
		Unchanged: 
 Data sizes:     COMMON   BANK0   BANK1   BANK2   BANK3   BANK4   BANK5   BANK6   BANK7   BANK8   BANK9  BANK10  BANK11  BANK12
      Params:         0       0       0       0       0       0       0       0       0       0       0       0       0       0
      Locals:         0       0       0       0       0       0       0       0       0       0       0       0       0       0
      Temps:          0       0       0       0       0       0       0       0       0       0       0       0       0       0
      Totals:         0       0       0       0       0       0       0       0       0       0       0       0       0       0
Total ram usage:        0 bytes
 Hardware stack levels used:    1
 Hardware stack levels required when called:    4
 This function calls:
		_innotech_network_state_get
 This function is called by:
		_innotech_led_process
 This function uses a non-reentrant model


 *************** function _innotech_network_state_get *****************
 Defined at:
		line 53 in file "innotech_led.c"
 Parameters:    Size  Location     Type
		None
 Auto vars:     Size  Location     Type
		None
 Return value:  Size  Location     Type
                  1    wreg      unsigned char 
 Registers used:
		wreg
 Tracked objects:
		On entry : 
		On exit  : 
		Unchanged: 
 Data sizes:     COMMON   BANK0   BANK1   BANK2   BANK3   BANK4   BANK5   BANK6   BANK7   BANK8   BANK9  BANK10  BANK11  BANK12
      Params:         0       0       0       0       0       0       0       0       0       0       0       0       0       0
      Locals:         0       0       0       0       0       0       0       0       0       0       0       0       0       0
      Temps:          0       0       0       0       0       0       0       0       0       0       0       0       0       0
      Totals:         0       0       0       0       0       0       0       0       0       0       0       0       0       0
Total ram usage:        0 bytes
 Hardware stack levels used:    1
 Hardware stack levels required when called:    3
 This function calls:
		Nothing
 This function is called by:
		_innotech_led_state_get
 This function uses a non-reentrant model


 *************** function ___lwmod *****************
 Defined at:
		line 6 in file "D:\项目工作\CK0216_Amazon\参考资料\开发工具\IDE3.1.0_230209_4\data\sources\common\lwmod.c"
 Parameters:    Size  Location     Type
  divisor         2    0[BANK0 ] unsigned int 
  dividend        2    2[BANK0 ] unsigned int 
 Auto vars:     Size  Location     Type
  counter         1    4[BANK0 ] unsigned char 
 Return value:  Size  Location     Type
                  2    0[BANK0 ] unsigned int 
 Registers used:
		wreg, status,2, status,0
 Tracked objects:
		On entry : 
		On exit  : 
		Unchanged: 
 Data sizes:     COMMON   BANK0   BANK1   BANK2   BANK3   BANK4   BANK5   BANK6   BANK7   BANK8   BANK9  BANK10  BANK11  BANK12
      Params:         0       4       0       0       0       0       0       0       0       0       0       0       0       0
      Locals:         0       1       0       0       0       0       0       0       0       0       0       0       0       0
      Temps:          0       0       0       0       0       0       0       0       0       0       0       0       0       0
      Totals:         0       5       0       0       0       0       0       0       0       0       0       0       0       0
Total ram usage:        5 bytes
 Hardware stack levels used:    1
 Hardware stack levels required when called:    3
 This function calls:
		Nothing
 This function is called by:
		_innotech_led_process
 This function uses a non-reentrant model


 *************** function ___wmul *****************
 Defined at:
		line 15 in file "D:\项目工作\CK0216_Amazon\参考资料\开发工具\IDE3.1.0_230209_4\data\sources\common\Umul16.c"
 Parameters:    Size  Location     Type
  multiplier      2    0[BANK0 ] unsigned int 
  multiplicand    2    2[BANK0 ] unsigned int 
 Auto vars:     Size  Location     Type
  product         2    4[BANK0 ] unsigned int 
 Return value:  Size  Location     Type
                  2    0[BANK0 ] unsigned int 
 Registers used:
		wreg, status,2, status,0
 Tracked objects:
		On entry : 
		On exit  : 
		Unchanged: 
 Data sizes:     COMMON   BANK0   BANK1   BANK2   BANK3   BANK4   BANK5   BANK6   BANK7   BANK8   BANK9  BANK10  BANK11  BANK12
      Params:         0       4       0       0       0       0       0       0       0       0       0       0       0       0
      Locals:         0       2       0       0       0       0       0       0       0       0       0       0       0       0
      Temps:          0       0       0       0       0       0       0       0       0       0       0       0       0       0
      Totals:         0       6       0       0       0       0       0       0       0       0       0       0       0       0
Total ram usage:        6 bytes
 Hardware stack levels used:    1
 Hardware stack levels required when called:    3
 This function calls:
		Nothing
 This function is called by:
		_main
 This function uses a non-reentrant model


 *************** function ___lmul *****************
 Defined at:
		line 15 in file "D:\项目工作\CK0216_Amazon\参考资料\开发工具\IDE3.1.0_230209_4\data\sources\common\Umul32.c"
 Parameters:    Size  Location     Type
  multiplier      4    6[BANK0 ] unsigned long 
  multiplicand    4   10[BANK0 ] unsigned long 
 Auto vars:     Size  Location     Type
  product         4   14[BANK0 ] unsigned long 
 Return value:  Size  Location     Type
                  4    6[BANK0 ] unsigned long 
 Registers used:
		wreg, status,2, status,0
 Tracked objects:
		On entry : 
		On exit  : 
		Unchanged: 
 Data sizes:     COMMON   BANK0   BANK1   BANK2   BANK3   BANK4   BANK5   BANK6   BANK7   BANK8   BANK9  BANK10  BANK11  BANK12
      Params:         0       8       0       0       0       0       0       0       0       0       0       0       0       0
      Locals:         0       4       0       0       0       0       0       0       0       0       0       0       0       0
      Temps:          0       0       0       0       0       0       0       0       0       0       0       0       0       0
      Totals:         0      12       0       0       0       0       0       0       0       0       0       0       0       0
Total ram usage:       12 bytes
 Hardware stack levels used:    1
 Hardware stack levels required when called:    3
 This function calls:
		Nothing
 This function is called by:
		_main
 This function uses a non-reentrant model


 *************** function ___lldiv *****************
 Defined at:
		line 6 in file "D:\项目工作\CK0216_Amazon\参考资料\开发工具\IDE3.1.0_230209_4\data\sources\common\lldiv.c"
 Parameters:    Size  Location     Type
  divisor         4    0[BANK1 ] unsigned long 
  dividend        4    4[BANK1 ] unsigned long 
 Auto vars:     Size  Location     Type
  quotient        4    9[BANK1 ] unsigned long 
  counter         1    8[BANK1 ] unsigned char 
 Return value:  Size  Location     Type
                  4    0[BANK1 ] unsigned long 
 Registers used:
		wreg, status,2, status,0
 Tracked objects:
		On entry : 
		On exit  : 
		Unchanged: 
 Data sizes:     COMMON   BANK0   BANK1   BANK2   BANK3   BANK4   BANK5   BANK6   BANK7   BANK8   BANK9  BANK10  BANK11  BANK12
      Params:         0       0       8       0       0       0       0       0       0       0       0       0       0       0
      Locals:         0       0       5       0       0       0       0       0       0       0       0       0       0       0
      Temps:          0       0       0       0       0       0       0       0       0       0       0       0       0       0
      Totals:         0       0      13       0       0       0       0       0       0       0       0       0       0       0
Total ram usage:       13 bytes
 Hardware stack levels used:    1
 Hardware stack levels required when called:    3
 This function calls:
		Nothing
 This function is called by:
		_main
 This function uses a non-reentrant model


 *************** function _WdtInitial *****************
 Defined at:
		line 893 in file "public.c"
 Parameters:    Size  Location     Type
		None
 Auto vars:     Size  Location     Type
		None
 Return value:  Size  Location     Type
                  1    wreg      void 
 Registers used:
		wreg, status,2
 Tracked objects:
		On entry : 
		On exit  : 
		Unchanged: 
 Data sizes:     COMMON   BANK0   BANK1   BANK2   BANK3   BANK4   BANK5   BANK6   BANK7   BANK8   BANK9  BANK10  BANK11  BANK12
      Params:         0       0       0       0       0       0       0       0       0       0       0       0       0       0
      Locals:         0       0       0       0       0       0       0       0       0       0       0       0       0       0
      Temps:          0       0       0       0       0       0       0       0       0       0       0       0       0       0
      Totals:         0       0       0       0       0       0       0       0       0       0       0       0       0       0
Total ram usage:        0 bytes
 Hardware stack levels used:    1
 Hardware stack levels required when called:    3
 This function calls:
		Nothing
 This function is called by:
		_main
 This function uses a non-reentrant model


 *************** function _UartInitial *****************
 Defined at:
		line 864 in file "public.c"
 Parameters:    Size  Location     Type
		None
 Auto vars:     Size  Location     Type
		None
 Return value:  Size  Location     Type
                  1    wreg      void 
 Registers used:
		wreg, status,2
 Tracked objects:
		On entry : 
		On exit  : 
		Unchanged: 
 Data sizes:     COMMON   BANK0   BANK1   BANK2   BANK3   BANK4   BANK5   BANK6   BANK7   BANK8   BANK9  BANK10  BANK11  BANK12
      Params:         0       0       0       0       0       0       0       0       0       0       0       0       0       0
      Locals:         0       0       0       0       0       0       0       0       0       0       0       0       0       0
      Temps:          0       0       0       0       0       0       0       0       0       0       0       0       0       0
      Totals:         0       0       0       0       0       0       0       0       0       0       0       0       0       0
Total ram usage:        0 bytes
 Hardware stack levels used:    1
 Hardware stack levels required when called:    3
 This function calls:
		Nothing
 This function is called by:
		_main
 This function uses a non-reentrant model


 *************** function _UartB_Process *****************
 Defined at:
		line 986 in file "public.c"
 Parameters:    Size  Location     Type
		None
 Auto vars:     Size  Location     Type
  bright_value    2    0        unsigned int 
 Return value:  Size  Location     Type
                  1    wreg      void 
 Registers used:
		wreg, fsr0l, fsr0h, fsr1l, fsr1h, status,2, status,0, pclath, cstack
 Tracked objects:
		On entry : 
		On exit  : 
		Unchanged: 
 Data sizes:     COMMON   BANK0   BANK1   BANK2   BANK3   BANK4   BANK5   BANK6   BANK7   BANK8   BANK9  BANK10  BANK11  BANK12
      Params:         0       0       0       0       0       0       0       0       0       0       0       0       0       0
      Locals:         0       0       0       0       0       0       0       0       0       0       0       0       0       0
      Temps:          0       0       0       0       0       0       0       0       0       0       0       0       0       0
      Totals:         0       0       0       0       0       0       0       0       0       0       0       0       0       0
Total ram usage:        0 bytes
 Hardware stack levels used:    1
 Hardware stack levels required when called:    5
 This function calls:
		_mcu_dp_value_update
 This function is called by:
		_main
 This function uses a non-reentrant model


 *************** function _Time4Initial *****************
 Defined at:
		line 790 in file "public.c"
 Parameters:    Size  Location     Type
		None
 Auto vars:     Size  Location     Type
		None
 Return value:  Size  Location     Type
                  1    wreg      void 
 Registers used:
		wreg, status,2, status,0
 Tracked objects:
		On entry : 
		On exit  : 
		Unchanged: 
 Data sizes:     COMMON   BANK0   BANK1   BANK2   BANK3   BANK4   BANK5   BANK6   BANK7   BANK8   BANK9  BANK10  BANK11  BANK12
      Params:         0       0       0       0       0       0       0       0       0       0       0       0       0       0
      Locals:         0       0       0       0       0       0       0       0       0       0       0       0       0       0
      Temps:          0       0       0       0       0       0       0       0       0       0       0       0       0       0
      Totals:         0       0       0       0       0       0       0       0       0       0       0       0       0       0
Total ram usage:        0 bytes
 Hardware stack levels used:    1
 Hardware stack levels required when called:    3
 This function calls:
		Nothing
 This function is called by:
		_main
 This function uses a non-reentrant model


 *************** function _Time2Initial *****************
 Defined at:
		line 544 in file "public.c"
 Parameters:    Size  Location     Type
		None
 Auto vars:     Size  Location     Type
		None
 Return value:  Size  Location     Type
                  1    wreg      void 
 Registers used:
		wreg, status,2
 Tracked objects:
		On entry : 
		On exit  : 
		Unchanged: 
 Data sizes:     COMMON   BANK0   BANK1   BANK2   BANK3   BANK4   BANK5   BANK6   BANK7   BANK8   BANK9  BANK10  BANK11  BANK12
      Params:         0       0       0       0       0       0       0       0       0       0       0       0       0       0
      Locals:         0       0       0       0       0       0       0       0       0       0       0       0       0       0
      Temps:          0       0       0       0       0       0       0       0       0       0       0       0       0       0
      Totals:         0       0       0       0       0       0       0       0       0       0       0       0       0       0
Total ram usage:        0 bytes
 Hardware stack levels used:    1
 Hardware stack levels required when called:    3
 This function calls:
		Nothing
 This function is called by:
		_main
 This function uses a non-reentrant model


 *************** function _Time1Initial *****************
 Defined at:
		line 210 in file "public.c"
 Parameters:    Size  Location     Type
		None
 Auto vars:     Size  Location     Type
		None
 Return value:  Size  Location     Type
                  1    wreg      void 
 Registers used:
		wreg, status,2
 Tracked objects:
		On entry : 
		On exit  : 
		Unchanged: 
 Data sizes:     COMMON   BANK0   BANK1   BANK2   BANK3   BANK4   BANK5   BANK6   BANK7   BANK8   BANK9  BANK10  BANK11  BANK12
      Params:         0       0       0       0       0       0       0       0       0       0       0       0       0       0
      Locals:         0       0       0       0       0       0       0       0       0       0       0       0       0       0
      Temps:          0       0       0       0       0       0       0       0       0       0       0       0       0       0
      Totals:         0       0       0       0       0       0       0       0       0       0       0       0       0       0
Total ram usage:        0 bytes
 Hardware stack levels used:    1
 Hardware stack levels required when called:    3
 This function calls:
		Nothing
 This function is called by:
		_main
 This function uses a non-reentrant model


 *************** function _SysInitial *****************
 Defined at:
		line 61 in file "public.c"
 Parameters:    Size  Location     Type
		None
 Auto vars:     Size  Location     Type
		None
 Return value:  Size  Location     Type
                  1    wreg      void 
 Registers used:
		wreg, status,2
 Tracked objects:
		On entry : 
		On exit  : 
		Unchanged: 
 Data sizes:     COMMON   BANK0   BANK1   BANK2   BANK3   BANK4   BANK5   BANK6   BANK7   BANK8   BANK9  BANK10  BANK11  BANK12
      Params:         0       0       0       0       0       0       0       0       0       0       0       0       0       0
      Locals:         0       0       0       0       0       0       0       0       0       0       0       0       0       0
      Temps:          0       0       0       0       0       0       0       0       0       0       0       0       0       0
      Totals:         0       0       0       0       0       0       0       0       0       0       0       0       0       0
Total ram usage:        0 bytes
 Hardware stack levels used:    1
 Hardware stack levels required when called:    3
 This function calls:
		Nothing
 This function is called by:
		_main
 This function uses a non-reentrant model


 *************** function _SynDataReset_Deal *****************
 Defined at:
		line 780 in file "Dim.c"
 Parameters:    Size  Location     Type
		None
 Auto vars:     Size  Location     Type
		None
 Return value:  Size  Location     Type
                  1    wreg      void 
 Registers used:
		wreg, fsr1l, fsr1h, status,2, status,0, pclath, cstack
 Tracked objects:
		On entry : 
		On exit  : 
		Unchanged: 
 Data sizes:     COMMON   BANK0   BANK1   BANK2   BANK3   BANK4   BANK5   BANK6   BANK7   BANK8   BANK9  BANK10  BANK11  BANK12
      Params:         0       0       0       0       0       0       0       0       0       0       0       0       0       0
      Locals:         0       0       0       0       0       0       0       0       0       0       0       0       0       0
      Temps:          0       0       0       0       0       0       0       0       0       0       0       0       0       0
      Totals:         0       0       0       0       0       0       0       0       0       0       0       0       0       0
Total ram usage:        0 bytes
 Hardware stack levels used:    1
 Hardware stack levels required when called:    5
 This function calls:
		_innotech_factroy_led_state_set
		_mcu_dp_value_update
 This function is called by:
		_main
 This function uses a non-reentrant model


 *************** function _innotech_factroy_led_state_set *****************
 Defined at:
		line 45 in file "innotech_led.c"
 Parameters:    Size  Location     Type
  state           1    wreg     unsigned char 
 Auto vars:     Size  Location     Type
  state           1    0[BANK0 ] unsigned char 
 Return value:  Size  Location     Type
                  1    wreg      void 
 Registers used:
		wreg
 Tracked objects:
		On entry : 
		On exit  : 
		Unchanged: 
 Data sizes:     COMMON   BANK0   BANK1   BANK2   BANK3   BANK4   BANK5   BANK6   BANK7   BANK8   BANK9  BANK10  BANK11  BANK12
      Params:         0       0       0       0       0       0       0       0       0       0       0       0       0       0
      Locals:         0       1       0       0       0       0       0       0       0       0       0       0       0       0
      Temps:          0       0       0       0       0       0       0       0       0       0       0       0       0       0
      Totals:         0       1       0       0       0       0       0       0       0       0       0       0       0       0
Total ram usage:        1 bytes
 Hardware stack levels used:    1
 Hardware stack levels required when called:    3
 This function calls:
		Nothing
 This function is called by:
		_SynDataReset_Deal
 This function uses a non-reentrant model


 *************** function _Led7Run *****************
 Defined at:
		line 357 in file "Dim.c"
 Parameters:    Size  Location     Type
		None
 Auto vars:     Size  Location     Type
		None
 Return value:  Size  Location     Type
                  1    wreg      void 
 Registers used:
		wreg, fsr0l, fsr0h, status,2, status,0
 Tracked objects:
		On entry : 
		On exit  : 
		Unchanged: 
 Data sizes:     COMMON   BANK0   BANK1   BANK2   BANK3   BANK4   BANK5   BANK6   BANK7   BANK8   BANK9  BANK10  BANK11  BANK12
[...]
Total ram usage:        0 bytes
 Hardware stack levels used:    1
 Hardware stack levels required when called:    5
 This function calls:
		_DelayMs
		_GetAdcData
		_mcu_dp_value_update
 This function is called by:
		_main
 This function uses a non-reentrant model


 *************** function _mcu_dp_value_update *****************
 Defined at:
		line 954 in file "public.c"
 Parameters:    Size  Location     Type
  sync_cmd        1    wreg     unsigned char 
  sync_data       1    1[BANK0 ] unsigned char 
 Auto vars:     Size  Location     Type
  sync_cmd        1    2[BANK0 ] unsigned char 
 Return value:  Size  Location     Type
                  1    wreg      void 
 Registers used:
		wreg, fsr1l, fsr1h, status,2, status,0, pclath, cstack
 Tracked objects:
		On entry : 
		On exit  : 
		Unchanged: 
 Data sizes:     COMMON   BANK0   BANK1   BANK2   BANK3   BANK4   BANK5   BANK6   BANK7   BANK8   BANK9  BANK10  BANK11  BANK12
      Params:         0       1       0       0       0       0       0       0       0       0       0       0       0       0
      Locals:         0       1       0       0       0       0       0       0       0       0       0       0       0       0
      Temps:          0       0       0       0       0       0       0       0       0       0       0       0       0       0
      Totals:         0       2       0       0       0       0       0       0       0       0       0       0       0       0
Total ram usage:        2 bytes
 Hardware stack levels used:    1
 Hardware stack levels required when called:    4
 This function calls:
		_UartSendData
 This function is called by:
		_UartB_Process
		_Connect_With_Switch
		_DimData_Deal
		_SynDataReset_Deal
 This function uses a non-reentrant model


 *************** function _UartSendData *****************
 Defined at:
		line 943 in file "public.c"
 Parameters:    Size  Location     Type
		None
 Auto vars:     Size  Location     Type
  i               1    0[BANK0 ] unsigned char 
 Return value:  Size  Location     Type
                  1    wreg      void 
 Registers used:
		wreg, fsr1l, fsr1h, status,2, status,0
 Tracked objects:
		On entry : 
		On exit  : 
		Unchanged: 
 Data sizes:     COMMON   BANK0   BANK1   BANK2   BANK3   BANK4   BANK5   BANK6   BANK7   BANK8   BANK9  BANK10  BANK11  BANK12
      Params:         0       0       0       0       0       0       0       0       0       0       0       0       0       0
      Locals:         0       1       0       0       0       0       0       0       0       0       0       0       0       0
      Temps:          0       0       0       0       0       0       0       0       0       0       0       0       0       0
      Totals:         0       1       0       0       0       0       0       0       0       0       0       0       0       0
Total ram usage:        1 bytes
 Hardware stack levels used:    1
 Hardware stack levels required when called:    3
 This function calls:
		Nothing
 This function is called by:
		_mcu_dp_value_update
		_KeyCheakPowerOn
		_KeyCheakPowerOff
 This function uses a non-reentrant model


 *************** function _GetAdcData *****************
 Defined at:
		line 1232 in file "public.c"
 Parameters:    Size  Location     Type
  adcChannel      1    wreg     unsigned char 
 Auto vars:     Size  Location     Type
  adcChannel      1    5[BANK0 ] unsigned char 
 Return value:  Size  Location     Type
                  2    2[BANK0 ] unsigned int 
 Registers used:
		wreg, status,2, status,0, pclath, cstack
 Tracked objects:
		On entry : 
		On exit  : 
		Unchanged: 
 Data sizes:     COMMON   BANK0   BANK1   BANK2   BANK3   BANK4   BANK5   BANK6   BANK7   BANK8   BANK9  BANK10  BANK11  BANK12
      Params:         0       3       0       0       0       0       0       0       0       0       0       0       0       0
      Locals:         0       1       0       0       0       0       0       0       0       0       0       0       0       0
      Temps:          0       0       0       0       0       0       0       0       0       0       0       0       0       0
      Totals:         0       4       0       0       0       0       0       0       0       0       0       0       0       0
Total ram usage:        4 bytes
 Hardware stack levels used:    1
 Hardware stack levels required when called:    4
 This function calls:
		_DelayUs
 This function is called by:
		_Connect_With_Switch
 This function uses a non-reentrant model


 *************** function _DelayMs *****************
 Defined at:
		line 131 in file "public.c"
 Parameters:    Size  Location     Type
  Time            2    2[BANK0 ] unsigned short 
 Auto vars:     Size  Location     Type
  b               1    7[BANK0 ] unsigned char 
  a               1    6[BANK0 ] unsigned char 
 Return value:  Size  Location     Type
                  1    wreg      void 
 Registers used:
		wreg, status,2, status,0, pclath, cstack
 Tracked objects:
		On entry : 
		On exit  : 
		Unchanged: 
 Data sizes:     COMMON   BANK0   BANK1   BANK2   BANK3   BANK4   BANK5   BANK6   BANK7   BANK8   BANK9  BANK10  BANK11  BANK12
      Params:         0       2       0       0       0       0       0       0       0       0       0       0       0       0
      Locals:         0       2       0       0       0       0       0       0       0       0       0       0       0       0
      Temps:          0       2       0       0       0       0       0       0       0       0       0       0       0       0
      Totals:         0       6       0       0       0       0       0       0       0       0       0       0       0       0
Total ram usage:        6 bytes
 Hardware stack levels used:    1
 Hardware stack levels required when called:    4
 This function calls:
		_DelayUs
 This function is called by:
		_Connect_With_Switch
		_DimData_Deal
 This function uses a non-reentrant model


 *************** function _DelayUs *****************
 Defined at:
		line 116 in file "public.c"
 Parameters:    Size  Location     Type
  Time            1    wreg     unsigned char 
 Auto vars:     Size  Location     Type
  Time            1    0[BANK0 ] unsigned char 
  a               1    1[BANK0 ] unsigned char 
 Return value:  Size  Location     Type
                  1    wreg      void 
 Registers used:
		wreg, status,2, status,0
 Tracked objects:
		On entry : 
		On exit  : 
		Unchanged: 
 Data sizes:     COMMON   BANK0   BANK1   BANK2   BANK3   BANK4   BANK5   BANK6   BANK7   BANK8   BANK9  BANK10  BANK11  BANK12
      Params:         0       0       0       0       0       0       0       0       0       0       0       0       0       0
      Locals:         0       2       0       0       0       0       0       0       0       0       0       0       0       0
      Temps:          0       0       0       0       0       0       0       0       0       0       0       0       0       0
      Totals:         0       2       0       0       0       0       0       0       0       0       0       0       0       0
Total ram usage:        2 bytes
 Hardware stack levels used:    1
 Hardware stack levels required when called:    3
 This function calls:
		Nothing
 This function is called by:
		_DelayMs
		_GetAdcData
 This function uses a non-reentrant model


 *************** function _AdcInitial *****************
 Defined at:
		line 1091 in file "public.c"
 Parameters:    Size  Location     Type
		None
 Auto vars:     Size  Location     Type
		None
 Return value:  Size  Location     Type
                  1    wreg      void 
 Registers used:
		wreg, status,2
 Tracked objects:
		On entry : 
		On exit  : 
		Unchanged: 
 Data sizes:     COMMON   BANK0   BANK1   BANK2   BANK3   BANK4   BANK5   BANK6   BANK7   BANK8   BANK9  BANK10  BANK11  BANK12
      Params:         0       0       0       0       0       0       0       0       0       0       0       0       0       0
      Locals:         0       0       0       0       0       0       0       0       0       0       0       0       0       0
      Temps:          0       0       0       0       0       0       0       0       0       0       0       0       0       0
      Totals:         0       0       0       0       0       0       0       0       0       0       0       0       0       0
Total ram usage:        0 bytes
 Hardware stack levels used:    1
 Hardware stack levels required when called:    3
 This function calls:
		Nothing
 This function is called by:
		_main
 This function uses a non-reentrant model


 *************** function _ISR *****************
 Defined at:
		line 130 in file "main.c"
 Parameters:    Size  Location     Type
		None
 Auto vars:     Size  Location     Type
		None
 Return value:  Size  Location     Type
                  1    wreg      void 
 Registers used:
		wreg, fsr0l, fsr0h, fsr1l, fsr1h, status,2, status,0, pclath, cstack
 Tracked objects:
		On entry : 
		On exit  : 
		Unchanged: 
 Data sizes:     COMMON   BANK0   BANK1   BANK2   BANK3   BANK4   BANK5   BANK6   BANK7   BANK8   BANK9  BANK10  BANK11  BANK12
      Params:         0       0       0       0       0       0       0       0       0       0       0       0       0       0
      Locals:         0       0       0       0       0       0       0       0       0       0       0       0       0       0
      Temps:          0       0       0       0       0       0       0       0       0       0       0       0       0       0
      Totals:         0       0       0       0       0       0       0       0       0       0       0       0       0       0
Total ram usage:        0 bytes
 Hardware stack levels used:    1
 Hardware stack levels required when called:    2
 This function calls:
		_Isp_Write
		_Load_Scan
		_TIM2_ResetPeriod
		_UartReceiveData
 This function is called by:
		Interrupt level 1
 This function uses a non-reentrant model


 *************** function _UartReceiveData *****************
 Defined at:
		line 902 in file "public.c"
 Parameters:    Size  Location     Type
  RcvData         1    wreg     unsigned char 
 Auto vars:     Size  Location     Type
  RcvData         1    0[COMMON] unsigned char 
 Return value:  Size  Location     Type
                  1    wreg      void 
 Registers used:
		wreg, fsr0l, fsr0h, fsr1l, fsr1h, status,2, status,0
 Tracked objects:
		On entry : 
		On exit  : 
		Unchanged: 
 Data sizes:     COMMON   BANK0   BANK1   BANK2   BANK3   BANK4   BANK5   BANK6   BANK7   BANK8   BANK9  BANK10  BANK11  BANK12
      Params:         0       0       0       0       0       0       0       0       0       0       0       0       0       0
      Locals:         1       0       0       0       0       0       0       0       0       0       0       0       0       0
      Temps:          0       0       0       0       0       0       0       0       0       0       0       0       0       0
      Totals:         1       0       0       0       0       0       0       0       0       0       0       0       0       0
Total ram usage:        1 bytes
 Hardware stack levels used:    1
 This function calls:
		Nothing
 This function is called by:
		_ISR
 This function uses a non-reentrant model


 *************** function _TIM2_ResetPeriod *****************
 Defined at:
		line 1312 in file "public.c"
 Parameters:    Size  Location     Type
  Period          2    0[COMMON] unsigned short 
  NewState        1    2[COMMON] unsigned char 
 Auto vars:     Size  Location     Type
		None
 Return value:  Size  Location     Type
                  1    wreg      void 
 Registers used:
		wreg, status,2, status,0
 Tracked objects:
		On entry : 
		On exit  : 
		Unchanged: 
 Data sizes:     COMMON   BANK0   BANK1   BANK2   BANK3   BANK4   BANK5   BANK6   BANK7   BANK8   BANK9  BANK10  BANK11  BANK12
      Params:         3       0       0       0       0       0       0       0       0       0       0       0       0       0
      Locals:         0       0       0       0       0       0       0       0       0       0       0       0       0       0
      Temps:          0       0       0       0       0       0       0       0       0       0       0       0       0       0
      Totals:         3       0       0       0       0       0       0       0       0       0       0       0       0       0
Total ram usage:        3 bytes
 Hardware stack levels used:    1
 This function calls:
		Nothing
 This function is called by:
		_ISR
 This function uses a non-reentrant model


 *************** function _Load_Scan *****************
 Defined at:
		line 1334 in file "public.c"
 Parameters:    Size  Location     Type
		None
 Auto vars:     Size  Location     Type
		None
 Return value:  Size  Location     Type
                  1    wreg      void 
 Registers used:
		wreg, status,2, status,0
 Tracked objects:
		On entry : 
		On exit  : 
		Unchanged: 
 Data sizes:     COMMON   BANK0   BANK1   BANK2   BANK3   BANK4   BANK5   BANK6   BANK7   BANK8   BANK9  BANK10  BANK11  BANK12
      Params:         0       0       0       0       0       0       0       0       0       0       0       0       0       0
      Locals:         0       0       0       0       0       0       0       0       0       0       0       0       0       0
      Temps:          0       0       0       0       0       0       0       0       0       0       0       0       0       0
      Totals:         0       0       0       0       0       0       0       0       0       0       0       0       0       0
Total ram usage:        0 bytes
 Hardware stack levels used:    1
 This function calls:
		Nothing
 This function is called by:
		_ISR
 This function uses a non-reentrant model


 *************** function _Isp_Write *****************
 Defined at:
		line 459 in file "Dim.c"
 Parameters:    Size  Location     Type
  WriteAddr       2    2[COMMON] unsigned int 
  pBuffer         1    4[COMMON] PTR unsigned char 
		 -> dataBuffer(6), 
 Auto vars:     Size  Location     Type
  i               2    6[COMMON] unsigned short 
 Return value:  Size  Location     Type
                  1    wreg      void 
 Registers used:
		wreg, fsr1l, fsr1h, status,2, status,0, pclath, cstack
 Tracked objects:
		On entry : 
		On exit  : 
		Unchanged: 
 Data sizes:     COMMON   BANK0   BANK1   BANK2   BANK3   BANK4   BANK5   BANK6   BANK7   BANK8   BANK9  BANK10  BANK11  BANK12
      Params:         3       0       0       0       0       0       0       0       0       0       0       0       0       0
      Locals:         2       0       0       0       0       0       0       0       0       0       0       0       0       0
      Temps:          1       0       0       0       0       0       0       0       0       0       0       0       0       0
      Totals:         6       0       0       0       0       0       0       0       0       0       0       0       0       0
Total ram usage:        6 bytes
 Hardware stack levels used:    1
 Hardware stack levels required when called:    1
 This function calls:
		_EEPROMwrite
 This function is called by:
		_ISR
 This function uses a non-reentrant model


 *************** function _EEPROMwrite *****************
 Defined at:
		line 1285 in file "public.c"
 Parameters:    Size  Location     Type
  EEAddr          1    wreg     unsigned char 
  Data            1    0[COMMON] unsigned char 
 Auto vars:     Size  Location     Type
  EEAddr          1    1[COMMON] unsigned char 
 Return value:  Size  Location     Type
                  1    wreg      void 
 Registers used:
		wreg
 Tracked objects:
		On entry : 
		On exit  : 
		Unchanged: 
 Data sizes:     COMMON   BANK0   BANK1   BANK2   BANK3   BANK4   BANK5   BANK6   BANK7   BANK8   BANK9  BANK10  BANK11  BANK12
      Params:         1       0       0       0       0       0       0       0       0       0       0       0       0       0
      Locals:         1       0       0       0       0       0       0       0       0       0       0       0       0       0
      Temps:          0       0       0       0       0       0       0       0       0       0       0       0       0       0
      Totals:         2       0       0       0       0       0       0       0       0       0       0       0       0       0
Total ram usage:        2 bytes
 Hardware stack levels used:    1
 This function calls:
		Nothing
 This function is called by:
		_Isp_Write
 This function uses a non-reentrant model



MODULE INFORMATION

Module		Function		Class		Link	Load	Size
D:\项目工作\CK0216_Amazon\参考资料\开发工具\IDE3.1.0_230209_4\data\sources\common\lwmod.c
		___lwmod       		CODE           	0503	0000	33

D:\项目工作\CK0216_Amazon\参考资料\开发工具\IDE3.1.0_230209_4\data\sources\common\lwmod.c estimated size: 33

D:\项目工作\CK0216_Amazon\参考资料\开发工具\IDE3.1.0_230209_4\data\sources\common\Umul16.c
		___wmul        		CODE           	0EE4	0000	22

D:\项目工作\CK0216_Amazon\参考资料\开发工具\IDE3.1.0_230209_4\data\sources\common\Umul16.c estimated size: 22

D:\项目工作\CK0216_Amazon\参考资料\开发工具\IDE3.1.0_230209_4\data\sources\common\lldiv.c
		___lldiv       		CODE           	0FC1	0000	64

D:\项目工作\CK0216_Amazon\参考资料\开发工具\IDE3.1.0_230209_4\data\sources\common\lldiv.c estimated size: 64

innotech_led.c
		_innotech_factroy_led_state_set		CODE           	07E0	0000	8
		_innotech_led_state_get		CODE           	0523	0000	60
		_innotech_network_state_get		CODE           	055E	0000	3
		_innotech_network_state_reset		CODE           	061F	0000	10
		_innotech_led_process		CODE           	04A1	0000	99

innotech_led.c estimated size: 180

Dim.c
		_Led7Run       		CODE           	0643	0000	152
		_SynDataReset_Deal		CODE           	07A7	0000	58
		_Isp_Write     		CODE           	06EA	0000	80
		_Factory_Test_Mode		CODE           	0358	0000	73
		_Isp_Read      		CODE           	03B0	0000	46
		_DimData_Deal  		CODE           	016D	0000	209

Dim.c estimated size: 618

Key.c
		_KeyCheakPowerOff		CODE           	0560	0000	80
		_KeyCheakDIM_PMLearn		CODE           	03F1	0000	133
		_KeyCheakPowerOn		CODE           	05AF	0000	92

Key.c estimated size: 305

shared
		PL12           		CODE           	06E0	0000	7
		PL8            		CODE           	0F83	0000	8
		PL14           		CODE           	048C	0000	5
		PL16           		CODE           	06E6	0000	5
		PL18           		CODE           	0638	0000	7
		__initialization		CODE           	00A4	0000	46
		_ad3nop        		CODE           	0003	0000	2
		PL2            		CODE           	0628	0000	9
		PL10           		CODE           	0630	0000	9
		PL4            		CODE           	0487	0000	6
		PL20           		CODE           	063E	0000	6
		PL6            		CODE           	06DA	0000	7

shared estimated size: 117

D:\项目工作\CK0216_Amazon\参考资料\开发工具\IDE3.1.0_230209_4\data\sources\common\Umul32.c
		___lmul        		CODE           	0F31	0000	38

D:\项目工作\CK0216_Amazon\参考资料\开发工具\IDE3.1.0_230209_4\data\sources\common\Umul32.c estimated size: 38

main.c
		_ISR           		CODE           	0004	0000	159
		_main          		CODE           	00D4	0000	154

main.c estimated size: 313

public.c
		_Load_Scan     		CODE           	0EF9	0000	28
		_Time2Initial  		CODE           	0475	0000	19
		_DelayUs       		CODE           	034D	0000	12
		_UartB_Process 		CODE           	0756	0000	82
		_WdtInitial    		CODE           	0EBA	0000	8
		_TIM2_ResetPeriod		CODE           	0EC1	0000	17
		_EEPROMread    		CODE           	03DD	0000	21
		_AdcInitial    		CODE           	0335	0000	25
		_DelayMs       		CODE           	031E	0000	24
		_Time4Initial  		CODE           	0490	0000	18
		_UartReceiveData		CODE           	0F56	0000	46
		_Connect_With_Switch		CODE           	023D	0000	210
		_UartInitial   		CODE           	0ED1	0000	20
		_GetAdcData    		CODE           	0F14	0000	30
		_SysInitial    		CODE           	0F8A	0000	56
		_IoIntInitial  		CODE           	03A0	0000	17
		_mcu_dp_value_update		CODE           	030E	0000	17
		_UartSendData  		CODE           	060A	0000	22
		_EEPROMwrite   		CODE           	0739	0000	30
		_Time1Initial  		CODE           	07E7	0000	23

public.c estimated size: 725

